Archive member included to satisfy reference by file (symbol)

c:/st/stm32cubeide_1.4.0/stm32cubeide/plugins/com.st.stm32cube.ide.mcu.externaltools.gnu-tools-for-stm32.7-2018-q2-update.win32_1.4.0.202007081208/tools/bin/../lib/gcc/arm-none-eabi/7.3.1/../../../../arm-none-eabi/lib/thumb/v7-m\libc_nano.a(lib_a-errno.o)
                              Src/syscalls.o (__errno)
c:/st/stm32cubeide_1.4.0/stm32cubeide/plugins/com.st.stm32cube.ide.mcu.externaltools.gnu-tools-for-stm32.7-2018-q2-update.win32_1.4.0.202007081208/tools/bin/../lib/gcc/arm-none-eabi/7.3.1/../../../../arm-none-eabi/lib/thumb/v7-m\libc_nano.a(lib_a-exit.o)
                              c:/st/stm32cubeide_1.4.0/stm32cubeide/plugins/com.st.stm32cube.ide.mcu.externaltools.gnu-tools-for-stm32.7-2018-q2-update.win32_1.4.0.202007081208/tools/bin/../lib/gcc/arm-none-eabi/7.3.1/../../../../arm-none-eabi/lib/thumb/v7-m/crt0.o (exit)
c:/st/stm32cubeide_1.4.0/stm32cubeide/plugins/com.st.stm32cube.ide.mcu.externaltools.gnu-tools-for-stm32.7-2018-q2-update.win32_1.4.0.202007081208/tools/bin/../lib/gcc/arm-none-eabi/7.3.1/../../../../arm-none-eabi/lib/thumb/v7-m\libc_nano.a(lib_a-impure.o)
                              c:/st/stm32cubeide_1.4.0/stm32cubeide/plugins/com.st.stm32cube.ide.mcu.externaltools.gnu-tools-for-stm32.7-2018-q2-update.win32_1.4.0.202007081208/tools/bin/../lib/gcc/arm-none-eabi/7.3.1/../../../../arm-none-eabi/lib/thumb/v7-m\libc_nano.a(lib_a-exit.o) (_global_impure_ptr)
c:/st/stm32cubeide_1.4.0/stm32cubeide/plugins/com.st.stm32cube.ide.mcu.externaltools.gnu-tools-for-stm32.7-2018-q2-update.win32_1.4.0.202007081208/tools/bin/../lib/gcc/arm-none-eabi/7.3.1/../../../../arm-none-eabi/lib/thumb/v7-m\libc_nano.a(lib_a-init.o)
                              c:/st/stm32cubeide_1.4.0/stm32cubeide/plugins/com.st.stm32cube.ide.mcu.externaltools.gnu-tools-for-stm32.7-2018-q2-update.win32_1.4.0.202007081208/tools/bin/../lib/gcc/arm-none-eabi/7.3.1/../../../../arm-none-eabi/lib/thumb/v7-m/crt0.o (__libc_init_array)
c:/st/stm32cubeide_1.4.0/stm32cubeide/plugins/com.st.stm32cube.ide.mcu.externaltools.gnu-tools-for-stm32.7-2018-q2-update.win32_1.4.0.202007081208/tools/bin/../lib/gcc/arm-none-eabi/7.3.1/../../../../arm-none-eabi/lib/thumb/v7-m\libc_nano.a(lib_a-memset.o)
                              c:/st/stm32cubeide_1.4.0/stm32cubeide/plugins/com.st.stm32cube.ide.mcu.externaltools.gnu-tools-for-stm32.7-2018-q2-update.win32_1.4.0.202007081208/tools/bin/../lib/gcc/arm-none-eabi/7.3.1/../../../../arm-none-eabi/lib/thumb/v7-m/crt0.o (memset)

Allocating common symbols
Common symbol       size              file

pinconfig           0x4               Src/main.o

Discarded input sections

 .text          0x0000000000000000        0x0 c:/st/stm32cubeide_1.4.0/stm32cubeide/plugins/com.st.stm32cube.ide.mcu.externaltools.gnu-tools-for-stm32.7-2018-q2-update.win32_1.4.0.202007081208/tools/bin/../lib/gcc/arm-none-eabi/7.3.1/thumb/v7-m/crti.o
 .data          0x0000000000000000        0x0 c:/st/stm32cubeide_1.4.0/stm32cubeide/plugins/com.st.stm32cube.ide.mcu.externaltools.gnu-tools-for-stm32.7-2018-q2-update.win32_1.4.0.202007081208/tools/bin/../lib/gcc/arm-none-eabi/7.3.1/thumb/v7-m/crti.o
 .bss           0x0000000000000000        0x0 c:/st/stm32cubeide_1.4.0/stm32cubeide/plugins/com.st.stm32cube.ide.mcu.externaltools.gnu-tools-for-stm32.7-2018-q2-update.win32_1.4.0.202007081208/tools/bin/../lib/gcc/arm-none-eabi/7.3.1/thumb/v7-m/crti.o
 .data          0x0000000000000000        0x4 c:/st/stm32cubeide_1.4.0/stm32cubeide/plugins/com.st.stm32cube.ide.mcu.externaltools.gnu-tools-for-stm32.7-2018-q2-update.win32_1.4.0.202007081208/tools/bin/../lib/gcc/arm-none-eabi/7.3.1/thumb/v7-m/crtbegin.o
 .text          0x0000000000000000       0x74 c:/st/stm32cubeide_1.4.0/stm32cubeide/plugins/com.st.stm32cube.ide.mcu.externaltools.gnu-tools-for-stm32.7-2018-q2-update.win32_1.4.0.202007081208/tools/bin/../lib/gcc/arm-none-eabi/7.3.1/../../../../arm-none-eabi/lib/thumb/v7-m/crt0.o
 .data          0x0000000000000000        0x0 c:/st/stm32cubeide_1.4.0/stm32cubeide/plugins/com.st.stm32cube.ide.mcu.externaltools.gnu-tools-for-stm32.7-2018-q2-update.win32_1.4.0.202007081208/tools/bin/../lib/gcc/arm-none-eabi/7.3.1/../../../../arm-none-eabi/lib/thumb/v7-m/crt0.o
 .bss           0x0000000000000000        0x0 c:/st/stm32cubeide_1.4.0/stm32cubeide/plugins/com.st.stm32cube.ide.mcu.externaltools.gnu-tools-for-stm32.7-2018-q2-update.win32_1.4.0.202007081208/tools/bin/../lib/gcc/arm-none-eabi/7.3.1/../../../../arm-none-eabi/lib/thumb/v7-m/crt0.o
 .ARM.extab     0x0000000000000000        0x0 c:/st/stm32cubeide_1.4.0/stm32cubeide/plugins/com.st.stm32cube.ide.mcu.externaltools.gnu-tools-for-stm32.7-2018-q2-update.win32_1.4.0.202007081208/tools/bin/../lib/gcc/arm-none-eabi/7.3.1/../../../../arm-none-eabi/lib/thumb/v7-m/crt0.o
 .ARM.exidx     0x0000000000000000        0x8 c:/st/stm32cubeide_1.4.0/stm32cubeide/plugins/com.st.stm32cube.ide.mcu.externaltools.gnu-tools-for-stm32.7-2018-q2-update.win32_1.4.0.202007081208/tools/bin/../lib/gcc/arm-none-eabi/7.3.1/../../../../arm-none-eabi/lib/thumb/v7-m/crt0.o
 .ARM.attributes
                0x0000000000000000       0x1b c:/st/stm32cubeide_1.4.0/stm32cubeide/plugins/com.st.stm32cube.ide.mcu.externaltools.gnu-tools-for-stm32.7-2018-q2-update.win32_1.4.0.202007081208/tools/bin/../lib/gcc/arm-none-eabi/7.3.1/../../../../arm-none-eabi/lib/thumb/v7-m/crt0.o
 .group         0x0000000000000000        0xc Src/main.o
 .group         0x0000000000000000        0xc Src/main.o
 .group         0x0000000000000000        0xc Src/main.o
 .group         0x0000000000000000        0xc Src/main.o
 .group         0x0000000000000000        0xc Src/main.o
 .group         0x0000000000000000        0xc Src/main.o
 .group         0x0000000000000000        0xc Src/main.o
 .group         0x0000000000000000        0xc Src/main.o
 .group         0x0000000000000000        0xc Src/main.o
 .group         0x0000000000000000        0xc Src/main.o
 .group         0x0000000000000000        0xc Src/main.o
 .group         0x0000000000000000        0xc Src/main.o
 .group         0x0000000000000000        0xc Src/main.o
 .group         0x0000000000000000        0xc Src/main.o
 .group         0x0000000000000000        0xc Src/main.o
 .group         0x0000000000000000        0xc Src/main.o
 .group         0x0000000000000000        0xc Src/main.o
 .group         0x0000000000000000        0xc Src/main.o
 .group         0x0000000000000000        0xc Src/main.o
 .group         0x0000000000000000        0xc Src/main.o
 .group         0x0000000000000000        0xc Src/main.o
 .group         0x0000000000000000        0xc Src/main.o
 .group         0x0000000000000000        0xc Src/main.o
 .group         0x0000000000000000        0xc Src/main.o
 .group         0x0000000000000000        0xc Src/main.o
 .group         0x0000000000000000        0xc Src/main.o
 .text          0x0000000000000000        0x0 Src/main.o
 .data          0x0000000000000000        0x0 Src/main.o
 .bss           0x0000000000000000        0x0 Src/main.o
 .group         0x0000000000000000        0xc Src/syscalls.o
 .group         0x0000000000000000        0xc Src/syscalls.o
 .group         0x0000000000000000        0xc Src/syscalls.o
 .group         0x0000000000000000        0xc Src/syscalls.o
 .group         0x0000000000000000        0xc Src/syscalls.o
 .group         0x0000000000000000        0xc Src/syscalls.o
 .group         0x0000000000000000        0xc Src/syscalls.o
 .group         0x0000000000000000        0xc Src/syscalls.o
 .group         0x0000000000000000        0xc Src/syscalls.o
 .group         0x0000000000000000        0xc Src/syscalls.o
 .group         0x0000000000000000        0xc Src/syscalls.o
 .group         0x0000000000000000        0xc Src/syscalls.o
 .group         0x0000000000000000        0xc Src/syscalls.o
 .group         0x0000000000000000        0xc Src/syscalls.o
 .group         0x0000000000000000        0xc Src/syscalls.o
 .group         0x0000000000000000        0xc Src/syscalls.o
 .group         0x0000000000000000        0xc Src/syscalls.o
 .group         0x0000000000000000        0xc Src/syscalls.o
 .group         0x0000000000000000        0xc Src/syscalls.o
 .group         0x0000000000000000        0xc Src/syscalls.o
 .group         0x0000000000000000        0xc Src/syscalls.o
 .group         0x0000000000000000        0xc Src/syscalls.o
 .group         0x0000000000000000        0xc Src/syscalls.o
 .group         0x0000000000000000        0xc Src/syscalls.o
 .group         0x0000000000000000        0xc Src/syscalls.o
 .group         0x0000000000000000        0xc Src/syscalls.o
 .group         0x0000000000000000        0xc Src/syscalls.o
 .group         0x0000000000000000        0xc Src/syscalls.o
 .group         0x0000000000000000        0xc Src/syscalls.o
 .group         0x0000000000000000        0xc Src/syscalls.o
 .group         0x0000000000000000        0xc Src/syscalls.o
 .group         0x0000000000000000        0xc Src/syscalls.o
 .group         0x0000000000000000        0xc Src/syscalls.o
 .group         0x0000000000000000        0xc Src/syscalls.o
 .group         0x0000000000000000        0xc Src/syscalls.o
 .group         0x0000000000000000        0xc Src/syscalls.o
 .group         0x0000000000000000        0xc Src/syscalls.o
 .group         0x0000000000000000        0xc Src/syscalls.o
 .group         0x0000000000000000        0xc Src/syscalls.o
 .group         0x0000000000000000        0xc Src/syscalls.o
 .group         0x0000000000000000        0xc Src/syscalls.o
 .group         0x0000000000000000        0xc Src/syscalls.o
 .group         0x0000000000000000        0xc Src/syscalls.o
 .group         0x0000000000000000        0xc Src/syscalls.o
 .text          0x0000000000000000        0x0 Src/syscalls.o
 .data          0x0000000000000000        0x0 Src/syscalls.o
 .bss           0x0000000000000000        0x0 Src/syscalls.o
 .bss.__env     0x0000000000000000        0x4 Src/syscalls.o
 .data.environ  0x0000000000000000        0x4 Src/syscalls.o
 .text.initialise_monitor_handles
                0x0000000000000000        0xc Src/syscalls.o
 .text._getpid  0x0000000000000000        0xe Src/syscalls.o
 .text._kill    0x0000000000000000       0x20 Src/syscalls.o
 .text._exit    0x0000000000000000       0x14 Src/syscalls.o
 .text._read    0x0000000000000000       0x3a Src/syscalls.o
 .text._write   0x0000000000000000       0x38 Src/syscalls.o
 .text._close   0x0000000000000000       0x16 Src/syscalls.o
 .text._fstat   0x0000000000000000       0x1e Src/syscalls.o
 .text._isatty  0x0000000000000000       0x14 Src/syscalls.o
 .text._lseek   0x0000000000000000       0x18 Src/syscalls.o
 .text._open    0x0000000000000000       0x1a Src/syscalls.o
 .text._wait    0x0000000000000000       0x1e Src/syscalls.o
 .text._unlink  0x0000000000000000       0x1e Src/syscalls.o
 .text._times   0x0000000000000000       0x16 Src/syscalls.o
 .text._stat    0x0000000000000000       0x1e Src/syscalls.o
 .text._link    0x0000000000000000       0x20 Src/syscalls.o
 .text._fork    0x0000000000000000       0x16 Src/syscalls.o
 .text._execve  0x0000000000000000       0x22 Src/syscalls.o
 .debug_info    0x0000000000000000     0x1038 Src/syscalls.o
 .debug_abbrev  0x0000000000000000      0x254 Src/syscalls.o
 .debug_loc     0x0000000000000000      0x5b8 Src/syscalls.o
 .debug_aranges
                0x0000000000000000       0xa8 Src/syscalls.o
 .debug_ranges  0x0000000000000000       0x98 Src/syscalls.o
 .debug_macro   0x0000000000000000      0x243 Src/syscalls.o
 .debug_macro   0x0000000000000000      0xa60 Src/syscalls.o
 .debug_macro   0x0000000000000000       0x22 Src/syscalls.o
 .debug_macro   0x0000000000000000       0x40 Src/syscalls.o
 .debug_macro   0x0000000000000000       0x18 Src/syscalls.o
 .debug_macro   0x0000000000000000       0x94 Src/syscalls.o
 .debug_macro   0x0000000000000000       0x3c Src/syscalls.o
 .debug_macro   0x0000000000000000       0x34 Src/syscalls.o
 .debug_macro   0x0000000000000000       0x57 Src/syscalls.o
 .debug_macro   0x0000000000000000      0x174 Src/syscalls.o
 .debug_macro   0x0000000000000000      0x330 Src/syscalls.o
 .debug_macro   0x0000000000000000       0x52 Src/syscalls.o
 .debug_macro   0x0000000000000000       0x1f Src/syscalls.o
 .debug_macro   0x0000000000000000       0x43 Src/syscalls.o
 .debug_macro   0x0000000000000000       0x20 Src/syscalls.o
 .debug_macro   0x0000000000000000      0x1a3 Src/syscalls.o
 .debug_macro   0x0000000000000000       0x10 Src/syscalls.o
 .debug_macro   0x0000000000000000       0x35 Src/syscalls.o
 .debug_macro   0x0000000000000000       0x10 Src/syscalls.o
 .debug_macro   0x0000000000000000       0x10 Src/syscalls.o
 .debug_macro   0x0000000000000000       0x10 Src/syscalls.o
 .debug_macro   0x0000000000000000       0x6a Src/syscalls.o
 .debug_macro   0x0000000000000000       0x1c Src/syscalls.o
 .debug_macro   0x0000000000000000       0x52 Src/syscalls.o
 .debug_macro   0x0000000000000000       0x40 Src/syscalls.o
 .debug_macro   0x0000000000000000       0x10 Src/syscalls.o
 .debug_macro   0x0000000000000000       0x40 Src/syscalls.o
 .debug_macro   0x0000000000000000       0xd7 Src/syscalls.o
 .debug_macro   0x0000000000000000       0x1c Src/syscalls.o
 .debug_macro   0x0000000000000000       0x3d Src/syscalls.o
 .debug_macro   0x0000000000000000       0x35 Src/syscalls.o
 .debug_macro   0x0000000000000000      0x122 Src/syscalls.o
 .debug_macro   0x0000000000000000       0x16 Src/syscalls.o
 .debug_macro   0x0000000000000000       0x16 Src/syscalls.o
 .debug_macro   0x0000000000000000       0x29 Src/syscalls.o
 .debug_macro   0x0000000000000000       0x10 Src/syscalls.o
 .debug_macro   0x0000000000000000      0x241 Src/syscalls.o
 .debug_macro   0x0000000000000000       0x1c Src/syscalls.o
 .debug_macro   0x0000000000000000       0x10 Src/syscalls.o
 .debug_macro   0x0000000000000000       0x10 Src/syscalls.o
 .debug_macro   0x0000000000000000       0x16 Src/syscalls.o
 .debug_macro   0x0000000000000000      0x145 Src/syscalls.o
 .debug_macro   0x0000000000000000      0x189 Src/syscalls.o
 .debug_macro   0x0000000000000000       0x16 Src/syscalls.o
 .debug_macro   0x0000000000000000       0x88 Src/syscalls.o
 .debug_line    0x0000000000000000      0x739 Src/syscalls.o
 .debug_str     0x0000000000000000     0x8883 Src/syscalls.o
 .comment       0x0000000000000000       0x7c Src/syscalls.o
 .debug_frame   0x0000000000000000      0x2ac Src/syscalls.o
 .ARM.attributes
                0x0000000000000000       0x33 Src/syscalls.o
 .group         0x0000000000000000        0xc Src/sysmem.o
 .group         0x0000000000000000        0xc Src/sysmem.o
 .group         0x0000000000000000        0xc Src/sysmem.o
 .group         0x0000000000000000        0xc Src/sysmem.o
 .group         0x0000000000000000        0xc Src/sysmem.o
 .group         0x0000000000000000        0xc Src/sysmem.o
 .group         0x0000000000000000        0xc Src/sysmem.o
 .group         0x0000000000000000        0xc Src/sysmem.o
 .group         0x0000000000000000        0xc Src/sysmem.o
 .group         0x0000000000000000        0xc Src/sysmem.o
 .group         0x0000000000000000        0xc Src/sysmem.o
 .group         0x0000000000000000        0xc Src/sysmem.o
 .group         0x0000000000000000        0xc Src/sysmem.o
 .group         0x0000000000000000        0xc Src/sysmem.o
 .group         0x0000000000000000        0xc Src/sysmem.o
 .group         0x0000000000000000        0xc Src/sysmem.o
 .group         0x0000000000000000        0xc Src/sysmem.o
 .group         0x0000000000000000        0xc Src/sysmem.o
 .group         0x0000000000000000        0xc Src/sysmem.o
 .text          0x0000000000000000        0x0 Src/sysmem.o
 .data          0x0000000000000000        0x0 Src/sysmem.o
 .bss           0x0000000000000000        0x0 Src/sysmem.o
 .bss.__sbrk_heap_end
                0x0000000000000000        0x4 Src/sysmem.o
 .text._sbrk    0x0000000000000000       0x6c Src/sysmem.o
 .debug_info    0x0000000000000000      0xa7c Src/sysmem.o
 .debug_abbrev  0x0000000000000000      0x18e Src/sysmem.o
 .debug_loc     0x0000000000000000       0x50 Src/sysmem.o
 .debug_aranges
                0x0000000000000000       0x20 Src/sysmem.o
 .debug_ranges  0x0000000000000000       0x10 Src/sysmem.o
 .debug_macro   0x0000000000000000       0xee Src/sysmem.o
 .debug_macro   0x0000000000000000      0xa60 Src/sysmem.o
 .debug_macro   0x0000000000000000       0x10 Src/sysmem.o
 .debug_macro   0x0000000000000000       0x22 Src/sysmem.o
 .debug_macro   0x0000000000000000       0x40 Src/sysmem.o
 .debug_macro   0x0000000000000000       0x18 Src/sysmem.o
 .debug_macro   0x0000000000000000       0x94 Src/sysmem.o
 .debug_macro   0x0000000000000000       0x3c Src/sysmem.o
 .debug_macro   0x0000000000000000       0x34 Src/sysmem.o
 .debug_macro   0x0000000000000000      0x174 Src/sysmem.o
 .debug_macro   0x0000000000000000       0x57 Src/sysmem.o
 .debug_macro   0x0000000000000000       0x52 Src/sysmem.o
 .debug_macro   0x0000000000000000       0x1f Src/sysmem.o
 .debug_macro   0x0000000000000000       0x43 Src/sysmem.o
 .debug_macro   0x0000000000000000       0x20 Src/sysmem.o
 .debug_macro   0x0000000000000000      0x1a3 Src/sysmem.o
 .debug_macro   0x0000000000000000      0x23b Src/sysmem.o
 .debug_macro   0x0000000000000000       0xef Src/sysmem.o
 .debug_macro   0x0000000000000000       0x6a Src/sysmem.o
 .debug_macro   0x0000000000000000      0x1df Src/sysmem.o
 .debug_line    0x0000000000000000      0x4c2 Src/sysmem.o
 .debug_str     0x0000000000000000     0x5f51 Src/sysmem.o
 .comment       0x0000000000000000       0x7c Src/sysmem.o
 .debug_frame   0x0000000000000000       0x34 Src/sysmem.o
 .ARM.attributes
                0x0000000000000000       0x33 Src/sysmem.o
 .text          0x0000000000000000       0x14 Startup/startup_stm32f103c6tx.o
 .data          0x0000000000000000        0x0 Startup/startup_stm32f103c6tx.o
 .bss           0x0000000000000000        0x0 Startup/startup_stm32f103c6tx.o
 .group         0x0000000000000000        0xc stm32f103_c6_drivers/gpio/stm32f103c6_gpio.o
 .group         0x0000000000000000        0xc stm32f103_c6_drivers/gpio/stm32f103c6_gpio.o
 .group         0x0000000000000000        0xc stm32f103_c6_drivers/gpio/stm32f103c6_gpio.o
 .group         0x0000000000000000        0xc stm32f103_c6_drivers/gpio/stm32f103c6_gpio.o
 .group         0x0000000000000000        0xc stm32f103_c6_drivers/gpio/stm32f103c6_gpio.o
 .group         0x0000000000000000        0xc stm32f103_c6_drivers/gpio/stm32f103c6_gpio.o
 .group         0x0000000000000000        0xc stm32f103_c6_drivers/gpio/stm32f103c6_gpio.o
 .group         0x0000000000000000        0xc stm32f103_c6_drivers/gpio/stm32f103c6_gpio.o
 .group         0x0000000000000000        0xc stm32f103_c6_drivers/gpio/stm32f103c6_gpio.o
 .group         0x0000000000000000        0xc stm32f103_c6_drivers/gpio/stm32f103c6_gpio.o
 .group         0x0000000000000000        0xc stm32f103_c6_drivers/gpio/stm32f103c6_gpio.o
 .group         0x0000000000000000        0xc stm32f103_c6_drivers/gpio/stm32f103c6_gpio.o
 .group         0x0000000000000000        0xc stm32f103_c6_drivers/gpio/stm32f103c6_gpio.o
 .group         0x0000000000000000        0xc stm32f103_c6_drivers/gpio/stm32f103c6_gpio.o
 .group         0x0000000000000000        0xc stm32f103_c6_drivers/gpio/stm32f103c6_gpio.o
 .group         0x0000000000000000        0xc stm32f103_c6_drivers/gpio/stm32f103c6_gpio.o
 .group         0x0000000000000000        0xc stm32f103_c6_drivers/gpio/stm32f103c6_gpio.o
 .group         0x0000000000000000        0xc stm32f103_c6_drivers/gpio/stm32f103c6_gpio.o
 .group         0x0000000000000000        0xc stm32f103_c6_drivers/gpio/stm32f103c6_gpio.o
 .group         0x0000000000000000        0xc stm32f103_c6_drivers/gpio/stm32f103c6_gpio.o
 .group         0x0000000000000000        0xc stm32f103_c6_drivers/gpio/stm32f103c6_gpio.o
 .group         0x0000000000000000        0xc stm32f103_c6_drivers/gpio/stm32f103c6_gpio.o
 .group         0x0000000000000000        0xc stm32f103_c6_drivers/gpio/stm32f103c6_gpio.o
 .group         0x0000000000000000        0xc stm32f103_c6_drivers/gpio/stm32f103c6_gpio.o
 .text          0x0000000000000000        0x0 stm32f103_c6_drivers/gpio/stm32f103c6_gpio.o
 .data          0x0000000000000000        0x0 stm32f103_c6_drivers/gpio/stm32f103c6_gpio.o
 .bss           0x0000000000000000        0x0 stm32f103_c6_drivers/gpio/stm32f103c6_gpio.o
 .text.MCAL_GPIO_DEINIT
                0x0000000000000000       0xd4 stm32f103_c6_drivers/gpio/stm32f103c6_gpio.o
 .text.MCAL_GPIO_READPORT
                0x0000000000000000       0x1a stm32f103_c6_drivers/gpio/stm32f103c6_gpio.o
 .text.MCAL_GPIO_togglePIN
                0x0000000000000000       0x22 stm32f103_c6_drivers/gpio/stm32f103c6_gpio.o
 .text.MCAL_GPIO_togglePort
                0x0000000000000000       0x20 stm32f103_c6_drivers/gpio/stm32f103c6_gpio.o
 .text.MCAL_GPIO_LCKPIN
                0x0000000000000000       0x4e stm32f103_c6_drivers/gpio/stm32f103c6_gpio.o
 .debug_macro   0x0000000000000000      0xa60 stm32f103_c6_drivers/gpio/stm32f103c6_gpio.o
 .debug_macro   0x0000000000000000       0x18 stm32f103_c6_drivers/gpio/stm32f103c6_gpio.o
 .debug_macro   0x0000000000000000       0x22 stm32f103_c6_drivers/gpio/stm32f103c6_gpio.o
 .debug_macro   0x0000000000000000       0x40 stm32f103_c6_drivers/gpio/stm32f103c6_gpio.o
 .debug_macro   0x0000000000000000       0x94 stm32f103_c6_drivers/gpio/stm32f103c6_gpio.o
 .debug_macro   0x0000000000000000       0x3c stm32f103_c6_drivers/gpio/stm32f103c6_gpio.o
 .debug_macro   0x0000000000000000       0x34 stm32f103_c6_drivers/gpio/stm32f103c6_gpio.o
 .debug_macro   0x0000000000000000       0x16 stm32f103_c6_drivers/gpio/stm32f103c6_gpio.o
 .debug_macro   0x0000000000000000      0x10e stm32f103_c6_drivers/gpio/stm32f103c6_gpio.o
 .debug_macro   0x0000000000000000       0x8d stm32f103_c6_drivers/gpio/stm32f103c6_gpio.o
 .debug_macro   0x0000000000000000       0x57 stm32f103_c6_drivers/gpio/stm32f103c6_gpio.o
 .debug_macro   0x0000000000000000       0x52 stm32f103_c6_drivers/gpio/stm32f103c6_gpio.o
 .debug_macro   0x0000000000000000       0x1f stm32f103_c6_drivers/gpio/stm32f103c6_gpio.o
 .debug_macro   0x0000000000000000       0x43 stm32f103_c6_drivers/gpio/stm32f103c6_gpio.o
 .debug_macro   0x0000000000000000       0x20 stm32f103_c6_drivers/gpio/stm32f103c6_gpio.o
 .debug_macro   0x0000000000000000      0x1a3 stm32f103_c6_drivers/gpio/stm32f103c6_gpio.o
 .debug_macro   0x0000000000000000      0x330 stm32f103_c6_drivers/gpio/stm32f103c6_gpio.o
 .debug_macro   0x0000000000000000       0x16 stm32f103_c6_drivers/gpio/stm32f103c6_gpio.o
 .debug_macro   0x0000000000000000       0x29 stm32f103_c6_drivers/gpio/stm32f103c6_gpio.o
 .debug_macro   0x0000000000000000       0xef stm32f103_c6_drivers/gpio/stm32f103c6_gpio.o
 .debug_macro   0x0000000000000000       0x6a stm32f103_c6_drivers/gpio/stm32f103c6_gpio.o
 .debug_macro   0x0000000000000000      0x1df stm32f103_c6_drivers/gpio/stm32f103c6_gpio.o
 .debug_macro   0x0000000000000000       0xba stm32f103_c6_drivers/gpio/stm32f103c6_gpio.o
 .debug_macro   0x0000000000000000       0xd0 stm32f103_c6_drivers/gpio/stm32f103c6_gpio.o
 .group         0x0000000000000000        0xc stm32f103_c6_drivers/inc/KEYPAD_DRIVER/keypad.o
 .group         0x0000000000000000        0xc stm32f103_c6_drivers/inc/KEYPAD_DRIVER/keypad.o
 .group         0x0000000000000000        0xc stm32f103_c6_drivers/inc/KEYPAD_DRIVER/keypad.o
 .group         0x0000000000000000        0xc stm32f103_c6_drivers/inc/KEYPAD_DRIVER/keypad.o
 .group         0x0000000000000000        0xc stm32f103_c6_drivers/inc/KEYPAD_DRIVER/keypad.o
 .group         0x0000000000000000        0xc stm32f103_c6_drivers/inc/KEYPAD_DRIVER/keypad.o
 .group         0x0000000000000000        0xc stm32f103_c6_drivers/inc/KEYPAD_DRIVER/keypad.o
 .group         0x0000000000000000        0xc stm32f103_c6_drivers/inc/KEYPAD_DRIVER/keypad.o
 .group         0x0000000000000000        0xc stm32f103_c6_drivers/inc/KEYPAD_DRIVER/keypad.o
 .group         0x0000000000000000        0xc stm32f103_c6_drivers/inc/KEYPAD_DRIVER/keypad.o
 .group         0x0000000000000000        0xc stm32f103_c6_drivers/inc/KEYPAD_DRIVER/keypad.o
 .group         0x0000000000000000        0xc stm32f103_c6_drivers/inc/KEYPAD_DRIVER/keypad.o
 .group         0x0000000000000000        0xc stm32f103_c6_drivers/inc/KEYPAD_DRIVER/keypad.o
 .group         0x0000000000000000        0xc stm32f103_c6_drivers/inc/KEYPAD_DRIVER/keypad.o
 .group         0x0000000000000000        0xc stm32f103_c6_drivers/inc/KEYPAD_DRIVER/keypad.o
 .group         0x0000000000000000        0xc stm32f103_c6_drivers/inc/KEYPAD_DRIVER/keypad.o
 .group         0x0000000000000000        0xc stm32f103_c6_drivers/inc/KEYPAD_DRIVER/keypad.o
 .group         0x0000000000000000        0xc stm32f103_c6_drivers/inc/KEYPAD_DRIVER/keypad.o
 .group         0x0000000000000000        0xc stm32f103_c6_drivers/inc/KEYPAD_DRIVER/keypad.o
 .group         0x0000000000000000        0xc stm32f103_c6_drivers/inc/KEYPAD_DRIVER/keypad.o
 .group         0x0000000000000000        0xc stm32f103_c6_drivers/inc/KEYPAD_DRIVER/keypad.o
 .group         0x0000000000000000        0xc stm32f103_c6_drivers/inc/KEYPAD_DRIVER/keypad.o
 .group         0x0000000000000000        0xc stm32f103_c6_drivers/inc/KEYPAD_DRIVER/keypad.o
 .group         0x0000000000000000        0xc stm32f103_c6_drivers/inc/KEYPAD_DRIVER/keypad.o
 .group         0x0000000000000000        0xc stm32f103_c6_drivers/inc/KEYPAD_DRIVER/keypad.o
 .text          0x0000000000000000        0x0 stm32f103_c6_drivers/inc/KEYPAD_DRIVER/keypad.o
 .data          0x0000000000000000        0x0 stm32f103_c6_drivers/inc/KEYPAD_DRIVER/keypad.o
 .bss           0x0000000000000000        0x0 stm32f103_c6_drivers/inc/KEYPAD_DRIVER/keypad.o
 .debug_macro   0x0000000000000000      0xa60 stm32f103_c6_drivers/inc/KEYPAD_DRIVER/keypad.o
 .debug_macro   0x0000000000000000       0x18 stm32f103_c6_drivers/inc/KEYPAD_DRIVER/keypad.o
 .debug_macro   0x0000000000000000       0x22 stm32f103_c6_drivers/inc/KEYPAD_DRIVER/keypad.o
 .debug_macro   0x0000000000000000       0x40 stm32f103_c6_drivers/inc/KEYPAD_DRIVER/keypad.o
 .debug_macro   0x0000000000000000       0x94 stm32f103_c6_drivers/inc/KEYPAD_DRIVER/keypad.o
 .debug_macro   0x0000000000000000       0x3c stm32f103_c6_drivers/inc/KEYPAD_DRIVER/keypad.o
 .debug_macro   0x0000000000000000       0x34 stm32f103_c6_drivers/inc/KEYPAD_DRIVER/keypad.o
 .debug_macro   0x0000000000000000       0x16 stm32f103_c6_drivers/inc/KEYPAD_DRIVER/keypad.o
 .debug_macro   0x0000000000000000      0x10e stm32f103_c6_drivers/inc/KEYPAD_DRIVER/keypad.o
 .debug_macro   0x0000000000000000       0x8d stm32f103_c6_drivers/inc/KEYPAD_DRIVER/keypad.o
 .debug_macro   0x0000000000000000       0x57 stm32f103_c6_drivers/inc/KEYPAD_DRIVER/keypad.o
 .debug_macro   0x0000000000000000       0x52 stm32f103_c6_drivers/inc/KEYPAD_DRIVER/keypad.o
 .debug_macro   0x0000000000000000       0x1f stm32f103_c6_drivers/inc/KEYPAD_DRIVER/keypad.o
 .debug_macro   0x0000000000000000       0x43 stm32f103_c6_drivers/inc/KEYPAD_DRIVER/keypad.o
 .debug_macro   0x0000000000000000       0x20 stm32f103_c6_drivers/inc/KEYPAD_DRIVER/keypad.o
 .debug_macro   0x0000000000000000      0x1a3 stm32f103_c6_drivers/inc/KEYPAD_DRIVER/keypad.o
 .debug_macro   0x0000000000000000      0x330 stm32f103_c6_drivers/inc/KEYPAD_DRIVER/keypad.o
 .debug_macro   0x0000000000000000       0x16 stm32f103_c6_drivers/inc/KEYPAD_DRIVER/keypad.o
 .debug_macro   0x0000000000000000       0x29 stm32f103_c6_drivers/inc/KEYPAD_DRIVER/keypad.o
 .debug_macro   0x0000000000000000       0xef stm32f103_c6_drivers/inc/KEYPAD_DRIVER/keypad.o
 .debug_macro   0x0000000000000000       0x6a stm32f103_c6_drivers/inc/KEYPAD_DRIVER/keypad.o
 .debug_macro   0x0000000000000000      0x1df stm32f103_c6_drivers/inc/KEYPAD_DRIVER/keypad.o
 .debug_macro   0x0000000000000000       0xba stm32f103_c6_drivers/inc/KEYPAD_DRIVER/keypad.o
 .debug_macro   0x0000000000000000       0xd0 stm32f103_c6_drivers/inc/KEYPAD_DRIVER/keypad.o
 .group         0x0000000000000000        0xc stm32f103_c6_drivers/inc/LCD_DRIVER/lcd.o
 .group         0x0000000000000000        0xc stm32f103_c6_drivers/inc/LCD_DRIVER/lcd.o
 .group         0x0000000000000000        0xc stm32f103_c6_drivers/inc/LCD_DRIVER/lcd.o
 .group         0x0000000000000000        0xc stm32f103_c6_drivers/inc/LCD_DRIVER/lcd.o
 .group         0x0000000000000000        0xc stm32f103_c6_drivers/inc/LCD_DRIVER/lcd.o
 .group         0x0000000000000000        0xc stm32f103_c6_drivers/inc/LCD_DRIVER/lcd.o
 .group         0x0000000000000000        0xc stm32f103_c6_drivers/inc/LCD_DRIVER/lcd.o
 .group         0x0000000000000000        0xc stm32f103_c6_drivers/inc/LCD_DRIVER/lcd.o
 .group         0x0000000000000000        0xc stm32f103_c6_drivers/inc/LCD_DRIVER/lcd.o
 .group         0x0000000000000000        0xc stm32f103_c6_drivers/inc/LCD_DRIVER/lcd.o
 .group         0x0000000000000000        0xc stm32f103_c6_drivers/inc/LCD_DRIVER/lcd.o
 .group         0x0000000000000000        0xc stm32f103_c6_drivers/inc/LCD_DRIVER/lcd.o
 .group         0x0000000000000000        0xc stm32f103_c6_drivers/inc/LCD_DRIVER/lcd.o
 .group         0x0000000000000000        0xc stm32f103_c6_drivers/inc/LCD_DRIVER/lcd.o
 .group         0x0000000000000000        0xc stm32f103_c6_drivers/inc/LCD_DRIVER/lcd.o
 .group         0x0000000000000000        0xc stm32f103_c6_drivers/inc/LCD_DRIVER/lcd.o
 .group         0x0000000000000000        0xc stm32f103_c6_drivers/inc/LCD_DRIVER/lcd.o
 .group         0x0000000000000000        0xc stm32f103_c6_drivers/inc/LCD_DRIVER/lcd.o
 .group         0x0000000000000000        0xc stm32f103_c6_drivers/inc/LCD_DRIVER/lcd.o
 .group         0x0000000000000000        0xc stm32f103_c6_drivers/inc/LCD_DRIVER/lcd.o
 .group         0x0000000000000000        0xc stm32f103_c6_drivers/inc/LCD_DRIVER/lcd.o
 .group         0x0000000000000000        0xc stm32f103_c6_drivers/inc/LCD_DRIVER/lcd.o
 .group         0x0000000000000000        0xc stm32f103_c6_drivers/inc/LCD_DRIVER/lcd.o
 .group         0x0000000000000000        0xc stm32f103_c6_drivers/inc/LCD_DRIVER/lcd.o
 .group         0x0000000000000000        0xc stm32f103_c6_drivers/inc/LCD_DRIVER/lcd.o
 .text          0x0000000000000000        0x0 stm32f103_c6_drivers/inc/LCD_DRIVER/lcd.o
 .data          0x0000000000000000        0x0 stm32f103_c6_drivers/inc/LCD_DRIVER/lcd.o
 .bss           0x0000000000000000        0x0 stm32f103_c6_drivers/inc/LCD_DRIVER/lcd.o
 .debug_macro   0x0000000000000000      0xa60 stm32f103_c6_drivers/inc/LCD_DRIVER/lcd.o
 .debug_macro   0x0000000000000000       0x18 stm32f103_c6_drivers/inc/LCD_DRIVER/lcd.o
 .debug_macro   0x0000000000000000       0x22 stm32f103_c6_drivers/inc/LCD_DRIVER/lcd.o
 .debug_macro   0x0000000000000000       0x40 stm32f103_c6_drivers/inc/LCD_DRIVER/lcd.o
 .debug_macro   0x0000000000000000       0x94 stm32f103_c6_drivers/inc/LCD_DRIVER/lcd.o
 .debug_macro   0x0000000000000000       0x3c stm32f103_c6_drivers/inc/LCD_DRIVER/lcd.o
 .debug_macro   0x0000000000000000       0x34 stm32f103_c6_drivers/inc/LCD_DRIVER/lcd.o
 .debug_macro   0x0000000000000000       0x16 stm32f103_c6_drivers/inc/LCD_DRIVER/lcd.o
 .debug_macro   0x0000000000000000      0x10e stm32f103_c6_drivers/inc/LCD_DRIVER/lcd.o
 .debug_macro   0x0000000000000000       0x8d stm32f103_c6_drivers/inc/LCD_DRIVER/lcd.o
 .debug_macro   0x0000000000000000       0x57 stm32f103_c6_drivers/inc/LCD_DRIVER/lcd.o
 .debug_macro   0x0000000000000000       0x52 stm32f103_c6_drivers/inc/LCD_DRIVER/lcd.o
 .debug_macro   0x0000000000000000       0x1f stm32f103_c6_drivers/inc/LCD_DRIVER/lcd.o
 .debug_macro   0x0000000000000000       0x43 stm32f103_c6_drivers/inc/LCD_DRIVER/lcd.o
 .debug_macro   0x0000000000000000       0x20 stm32f103_c6_drivers/inc/LCD_DRIVER/lcd.o
 .debug_macro   0x0000000000000000      0x1a3 stm32f103_c6_drivers/inc/LCD_DRIVER/lcd.o
 .debug_macro   0x0000000000000000      0x330 stm32f103_c6_drivers/inc/LCD_DRIVER/lcd.o
 .debug_macro   0x0000000000000000       0x16 stm32f103_c6_drivers/inc/LCD_DRIVER/lcd.o
 .debug_macro   0x0000000000000000       0x29 stm32f103_c6_drivers/inc/LCD_DRIVER/lcd.o
 .debug_macro   0x0000000000000000       0xef stm32f103_c6_drivers/inc/LCD_DRIVER/lcd.o
 .debug_macro   0x0000000000000000       0x6a stm32f103_c6_drivers/inc/LCD_DRIVER/lcd.o
 .debug_macro   0x0000000000000000      0x1df stm32f103_c6_drivers/inc/LCD_DRIVER/lcd.o
 .debug_macro   0x0000000000000000       0xba stm32f103_c6_drivers/inc/LCD_DRIVER/lcd.o
 .debug_macro   0x0000000000000000       0xd0 stm32f103_c6_drivers/inc/LCD_DRIVER/lcd.o
 .text          0x0000000000000000        0x0 c:/st/stm32cubeide_1.4.0/stm32cubeide/plugins/com.st.stm32cube.ide.mcu.externaltools.gnu-tools-for-stm32.7-2018-q2-update.win32_1.4.0.202007081208/tools/bin/../lib/gcc/arm-none-eabi/7.3.1/../../../../arm-none-eabi/lib/thumb/v7-m\libc_nano.a(lib_a-errno.o)
 .data          0x0000000000000000        0x0 c:/st/stm32cubeide_1.4.0/stm32cubeide/plugins/com.st.stm32cube.ide.mcu.externaltools.gnu-tools-for-stm32.7-2018-q2-update.win32_1.4.0.202007081208/tools/bin/../lib/gcc/arm-none-eabi/7.3.1/../../../../arm-none-eabi/lib/thumb/v7-m\libc_nano.a(lib_a-errno.o)
 .bss           0x0000000000000000        0x0 c:/st/stm32cubeide_1.4.0/stm32cubeide/plugins/com.st.stm32cube.ide.mcu.externaltools.gnu-tools-for-stm32.7-2018-q2-update.win32_1.4.0.202007081208/tools/bin/../lib/gcc/arm-none-eabi/7.3.1/../../../../arm-none-eabi/lib/thumb/v7-m\libc_nano.a(lib_a-errno.o)
 .text.__errno  0x0000000000000000        0xc c:/st/stm32cubeide_1.4.0/stm32cubeide/plugins/com.st.stm32cube.ide.mcu.externaltools.gnu-tools-for-stm32.7-2018-q2-update.win32_1.4.0.202007081208/tools/bin/../lib/gcc/arm-none-eabi/7.3.1/../../../../arm-none-eabi/lib/thumb/v7-m\libc_nano.a(lib_a-errno.o)
 .debug_frame   0x0000000000000000       0x20 c:/st/stm32cubeide_1.4.0/stm32cubeide/plugins/com.st.stm32cube.ide.mcu.externaltools.gnu-tools-for-stm32.7-2018-q2-update.win32_1.4.0.202007081208/tools/bin/../lib/gcc/arm-none-eabi/7.3.1/../../../../arm-none-eabi/lib/thumb/v7-m\libc_nano.a(lib_a-errno.o)
 .ARM.attributes
                0x0000000000000000       0x2d c:/st/stm32cubeide_1.4.0/stm32cubeide/plugins/com.st.stm32cube.ide.mcu.externaltools.gnu-tools-for-stm32.7-2018-q2-update.win32_1.4.0.202007081208/tools/bin/../lib/gcc/arm-none-eabi/7.3.1/../../../../arm-none-eabi/lib/thumb/v7-m\libc_nano.a(lib_a-errno.o)
 .text          0x0000000000000000        0x0 c:/st/stm32cubeide_1.4.0/stm32cubeide/plugins/com.st.stm32cube.ide.mcu.externaltools.gnu-tools-for-stm32.7-2018-q2-update.win32_1.4.0.202007081208/tools/bin/../lib/gcc/arm-none-eabi/7.3.1/../../../../arm-none-eabi/lib/thumb/v7-m\libc_nano.a(lib_a-exit.o)
 .data          0x0000000000000000        0x0 c:/st/stm32cubeide_1.4.0/stm32cubeide/plugins/com.st.stm32cube.ide.mcu.externaltools.gnu-tools-for-stm32.7-2018-q2-update.win32_1.4.0.202007081208/tools/bin/../lib/gcc/arm-none-eabi/7.3.1/../../../../arm-none-eabi/lib/thumb/v7-m\libc_nano.a(lib_a-exit.o)
 .bss           0x0000000000000000        0x0 c:/st/stm32cubeide_1.4.0/stm32cubeide/plugins/com.st.stm32cube.ide.mcu.externaltools.gnu-tools-for-stm32.7-2018-q2-update.win32_1.4.0.202007081208/tools/bin/../lib/gcc/arm-none-eabi/7.3.1/../../../../arm-none-eabi/lib/thumb/v7-m\libc_nano.a(lib_a-exit.o)
 .text.exit     0x0000000000000000       0x28 c:/st/stm32cubeide_1.4.0/stm32cubeide/plugins/com.st.stm32cube.ide.mcu.externaltools.gnu-tools-for-stm32.7-2018-q2-update.win32_1.4.0.202007081208/tools/bin/../lib/gcc/arm-none-eabi/7.3.1/../../../../arm-none-eabi/lib/thumb/v7-m\libc_nano.a(lib_a-exit.o)
 .debug_frame   0x0000000000000000       0x28 c:/st/stm32cubeide_1.4.0/stm32cubeide/plugins/com.st.stm32cube.ide.mcu.externaltools.gnu-tools-for-stm32.7-2018-q2-update.win32_1.4.0.202007081208/tools/bin/../lib/gcc/arm-none-eabi/7.3.1/../../../../arm-none-eabi/lib/thumb/v7-m\libc_nano.a(lib_a-exit.o)
 .ARM.attributes
                0x0000000000000000       0x2d c:/st/stm32cubeide_1.4.0/stm32cubeide/plugins/com.st.stm32cube.ide.mcu.externaltools.gnu-tools-for-stm32.7-2018-q2-update.win32_1.4.0.202007081208/tools/bin/../lib/gcc/arm-none-eabi/7.3.1/../../../../arm-none-eabi/lib/thumb/v7-m\libc_nano.a(lib_a-exit.o)
 .text          0x0000000000000000        0x0 c:/st/stm32cubeide_1.4.0/stm32cubeide/plugins/com.st.stm32cube.ide.mcu.externaltools.gnu-tools-for-stm32.7-2018-q2-update.win32_1.4.0.202007081208/tools/bin/../lib/gcc/arm-none-eabi/7.3.1/../../../../arm-none-eabi/lib/thumb/v7-m\libc_nano.a(lib_a-impure.o)
 .data          0x0000000000000000        0x0 c:/st/stm32cubeide_1.4.0/stm32cubeide/plugins/com.st.stm32cube.ide.mcu.externaltools.gnu-tools-for-stm32.7-2018-q2-update.win32_1.4.0.202007081208/tools/bin/../lib/gcc/arm-none-eabi/7.3.1/../../../../arm-none-eabi/lib/thumb/v7-m\libc_nano.a(lib_a-impure.o)
 .bss           0x0000000000000000        0x0 c:/st/stm32cubeide_1.4.0/stm32cubeide/plugins/com.st.stm32cube.ide.mcu.externaltools.gnu-tools-for-stm32.7-2018-q2-update.win32_1.4.0.202007081208/tools/bin/../lib/gcc/arm-none-eabi/7.3.1/../../../../arm-none-eabi/lib/thumb/v7-m\libc_nano.a(lib_a-impure.o)
 .data._impure_ptr
                0x0000000000000000        0x4 c:/st/stm32cubeide_1.4.0/stm32cubeide/plugins/com.st.stm32cube.ide.mcu.externaltools.gnu-tools-for-stm32.7-2018-q2-update.win32_1.4.0.202007081208/tools/bin/../lib/gcc/arm-none-eabi/7.3.1/../../../../arm-none-eabi/lib/thumb/v7-m\libc_nano.a(lib_a-impure.o)
 .data.impure_data
                0x0000000000000000       0x60 c:/st/stm32cubeide_1.4.0/stm32cubeide/plugins/com.st.stm32cube.ide.mcu.externaltools.gnu-tools-for-stm32.7-2018-q2-update.win32_1.4.0.202007081208/tools/bin/../lib/gcc/arm-none-eabi/7.3.1/../../../../arm-none-eabi/lib/thumb/v7-m\libc_nano.a(lib_a-impure.o)
 .rodata._global_impure_ptr
                0x0000000000000000        0x4 c:/st/stm32cubeide_1.4.0/stm32cubeide/plugins/com.st.stm32cube.ide.mcu.externaltools.gnu-tools-for-stm32.7-2018-q2-update.win32_1.4.0.202007081208/tools/bin/../lib/gcc/arm-none-eabi/7.3.1/../../../../arm-none-eabi/lib/thumb/v7-m\libc_nano.a(lib_a-impure.o)
 .ARM.attributes
                0x0000000000000000       0x2d c:/st/stm32cubeide_1.4.0/stm32cubeide/plugins/com.st.stm32cube.ide.mcu.externaltools.gnu-tools-for-stm32.7-2018-q2-update.win32_1.4.0.202007081208/tools/bin/../lib/gcc/arm-none-eabi/7.3.1/../../../../arm-none-eabi/lib/thumb/v7-m\libc_nano.a(lib_a-impure.o)
 .text          0x0000000000000000        0x0 c:/st/stm32cubeide_1.4.0/stm32cubeide/plugins/com.st.stm32cube.ide.mcu.externaltools.gnu-tools-for-stm32.7-2018-q2-update.win32_1.4.0.202007081208/tools/bin/../lib/gcc/arm-none-eabi/7.3.1/../../../../arm-none-eabi/lib/thumb/v7-m\libc_nano.a(lib_a-init.o)
 .data          0x0000000000000000        0x0 c:/st/stm32cubeide_1.4.0/stm32cubeide/plugins/com.st.stm32cube.ide.mcu.externaltools.gnu-tools-for-stm32.7-2018-q2-update.win32_1.4.0.202007081208/tools/bin/../lib/gcc/arm-none-eabi/7.3.1/../../../../arm-none-eabi/lib/thumb/v7-m\libc_nano.a(lib_a-init.o)
 .bss           0x0000000000000000        0x0 c:/st/stm32cubeide_1.4.0/stm32cubeide/plugins/com.st.stm32cube.ide.mcu.externaltools.gnu-tools-for-stm32.7-2018-q2-update.win32_1.4.0.202007081208/tools/bin/../lib/gcc/arm-none-eabi/7.3.1/../../../../arm-none-eabi/lib/thumb/v7-m\libc_nano.a(lib_a-init.o)
 .text          0x0000000000000000        0x0 c:/st/stm32cubeide_1.4.0/stm32cubeide/plugins/com.st.stm32cube.ide.mcu.externaltools.gnu-tools-for-stm32.7-2018-q2-update.win32_1.4.0.202007081208/tools/bin/../lib/gcc/arm-none-eabi/7.3.1/../../../../arm-none-eabi/lib/thumb/v7-m\libc_nano.a(lib_a-memset.o)
 .data          0x0000000000000000        0x0 c:/st/stm32cubeide_1.4.0/stm32cubeide/plugins/com.st.stm32cube.ide.mcu.externaltools.gnu-tools-for-stm32.7-2018-q2-update.win32_1.4.0.202007081208/tools/bin/../lib/gcc/arm-none-eabi/7.3.1/../../../../arm-none-eabi/lib/thumb/v7-m\libc_nano.a(lib_a-memset.o)
 .bss           0x0000000000000000        0x0 c:/st/stm32cubeide_1.4.0/stm32cubeide/plugins/com.st.stm32cube.ide.mcu.externaltools.gnu-tools-for-stm32.7-2018-q2-update.win32_1.4.0.202007081208/tools/bin/../lib/gcc/arm-none-eabi/7.3.1/../../../../arm-none-eabi/lib/thumb/v7-m\libc_nano.a(lib_a-memset.o)
 .text.memset   0x0000000000000000       0x10 c:/st/stm32cubeide_1.4.0/stm32cubeide/plugins/com.st.stm32cube.ide.mcu.externaltools.gnu-tools-for-stm32.7-2018-q2-update.win32_1.4.0.202007081208/tools/bin/../lib/gcc/arm-none-eabi/7.3.1/../../../../arm-none-eabi/lib/thumb/v7-m\libc_nano.a(lib_a-memset.o)
 .debug_frame   0x0000000000000000       0x20 c:/st/stm32cubeide_1.4.0/stm32cubeide/plugins/com.st.stm32cube.ide.mcu.externaltools.gnu-tools-for-stm32.7-2018-q2-update.win32_1.4.0.202007081208/tools/bin/../lib/gcc/arm-none-eabi/7.3.1/../../../../arm-none-eabi/lib/thumb/v7-m\libc_nano.a(lib_a-memset.o)
 .ARM.attributes
                0x0000000000000000       0x2d c:/st/stm32cubeide_1.4.0/stm32cubeide/plugins/com.st.stm32cube.ide.mcu.externaltools.gnu-tools-for-stm32.7-2018-q2-update.win32_1.4.0.202007081208/tools/bin/../lib/gcc/arm-none-eabi/7.3.1/../../../../arm-none-eabi/lib/thumb/v7-m\libc_nano.a(lib_a-memset.o)
 .text          0x0000000000000000        0x0 c:/st/stm32cubeide_1.4.0/stm32cubeide/plugins/com.st.stm32cube.ide.mcu.externaltools.gnu-tools-for-stm32.7-2018-q2-update.win32_1.4.0.202007081208/tools/bin/../lib/gcc/arm-none-eabi/7.3.1/thumb/v7-m/crtend.o
 .data          0x0000000000000000        0x0 c:/st/stm32cubeide_1.4.0/stm32cubeide/plugins/com.st.stm32cube.ide.mcu.externaltools.gnu-tools-for-stm32.7-2018-q2-update.win32_1.4.0.202007081208/tools/bin/../lib/gcc/arm-none-eabi/7.3.1/thumb/v7-m/crtend.o
 .bss           0x0000000000000000        0x0 c:/st/stm32cubeide_1.4.0/stm32cubeide/plugins/com.st.stm32cube.ide.mcu.externaltools.gnu-tools-for-stm32.7-2018-q2-update.win32_1.4.0.202007081208/tools/bin/../lib/gcc/arm-none-eabi/7.3.1/thumb/v7-m/crtend.o
 .eh_frame      0x0000000000000000        0x4 c:/st/stm32cubeide_1.4.0/stm32cubeide/plugins/com.st.stm32cube.ide.mcu.externaltools.gnu-tools-for-stm32.7-2018-q2-update.win32_1.4.0.202007081208/tools/bin/../lib/gcc/arm-none-eabi/7.3.1/thumb/v7-m/crtend.o
 .ARM.attributes
                0x0000000000000000       0x2d c:/st/stm32cubeide_1.4.0/stm32cubeide/plugins/com.st.stm32cube.ide.mcu.externaltools.gnu-tools-for-stm32.7-2018-q2-update.win32_1.4.0.202007081208/tools/bin/../lib/gcc/arm-none-eabi/7.3.1/thumb/v7-m/crtend.o
 .text          0x0000000000000000        0x0 c:/st/stm32cubeide_1.4.0/stm32cubeide/plugins/com.st.stm32cube.ide.mcu.externaltools.gnu-tools-for-stm32.7-2018-q2-update.win32_1.4.0.202007081208/tools/bin/../lib/gcc/arm-none-eabi/7.3.1/thumb/v7-m/crtn.o
 .data          0x0000000000000000        0x0 c:/st/stm32cubeide_1.4.0/stm32cubeide/plugins/com.st.stm32cube.ide.mcu.externaltools.gnu-tools-for-stm32.7-2018-q2-update.win32_1.4.0.202007081208/tools/bin/../lib/gcc/arm-none-eabi/7.3.1/thumb/v7-m/crtn.o
 .bss           0x0000000000000000        0x0 c:/st/stm32cubeide_1.4.0/stm32cubeide/plugins/com.st.stm32cube.ide.mcu.externaltools.gnu-tools-for-stm32.7-2018-q2-update.win32_1.4.0.202007081208/tools/bin/../lib/gcc/arm-none-eabi/7.3.1/thumb/v7-m/crtn.o

Memory Configuration

Name             Origin             Length             Attributes
RAM              0x0000000020000000 0x0000000000002800 xrw
ROM              0x0000000008000000 0x0000000000008000 xr
*default*        0x0000000000000000 0xffffffffffffffff

Linker script and memory map

LOAD c:/st/stm32cubeide_1.4.0/stm32cubeide/plugins/com.st.stm32cube.ide.mcu.externaltools.gnu-tools-for-stm32.7-2018-q2-update.win32_1.4.0.202007081208/tools/bin/../lib/gcc/arm-none-eabi/7.3.1/thumb/v7-m/crti.o
LOAD c:/st/stm32cubeide_1.4.0/stm32cubeide/plugins/com.st.stm32cube.ide.mcu.externaltools.gnu-tools-for-stm32.7-2018-q2-update.win32_1.4.0.202007081208/tools/bin/../lib/gcc/arm-none-eabi/7.3.1/thumb/v7-m/crtbegin.o
LOAD c:/st/stm32cubeide_1.4.0/stm32cubeide/plugins/com.st.stm32cube.ide.mcu.externaltools.gnu-tools-for-stm32.7-2018-q2-update.win32_1.4.0.202007081208/tools/bin/../lib/gcc/arm-none-eabi/7.3.1/../../../../arm-none-eabi/lib/thumb/v7-m/crt0.o
LOAD Src/main.o
LOAD Src/syscalls.o
LOAD Src/sysmem.o
LOAD Startup/startup_stm32f103c6tx.o
LOAD stm32f103_c6_drivers/gpio/stm32f103c6_gpio.o
LOAD stm32f103_c6_drivers/inc/KEYPAD_DRIVER/keypad.o
LOAD stm32f103_c6_drivers/inc/LCD_DRIVER/lcd.o
START GROUP
LOAD c:/st/stm32cubeide_1.4.0/stm32cubeide/plugins/com.st.stm32cube.ide.mcu.externaltools.gnu-tools-for-stm32.7-2018-q2-update.win32_1.4.0.202007081208/tools/bin/../lib/gcc/arm-none-eabi/7.3.1/../../../../arm-none-eabi/lib/thumb/v7-m\libc_nano.a
LOAD c:/st/stm32cubeide_1.4.0/stm32cubeide/plugins/com.st.stm32cube.ide.mcu.externaltools.gnu-tools-for-stm32.7-2018-q2-update.win32_1.4.0.202007081208/tools/bin/../lib/gcc/arm-none-eabi/7.3.1/../../../../arm-none-eabi/lib/thumb/v7-m\libm.a
END GROUP
START GROUP
LOAD c:/st/stm32cubeide_1.4.0/stm32cubeide/plugins/com.st.stm32cube.ide.mcu.externaltools.gnu-tools-for-stm32.7-2018-q2-update.win32_1.4.0.202007081208/tools/bin/../lib/gcc/arm-none-eabi/7.3.1/thumb/v7-m\libgcc.a
LOAD c:/st/stm32cubeide_1.4.0/stm32cubeide/plugins/com.st.stm32cube.ide.mcu.externaltools.gnu-tools-for-stm32.7-2018-q2-update.win32_1.4.0.202007081208/tools/bin/../lib/gcc/arm-none-eabi/7.3.1/../../../../arm-none-eabi/lib/thumb/v7-m\libg_nano.a
LOAD c:/st/stm32cubeide_1.4.0/stm32cubeide/plugins/com.st.stm32cube.ide.mcu.externaltools.gnu-tools-for-stm32.7-2018-q2-update.win32_1.4.0.202007081208/tools/bin/../lib/gcc/arm-none-eabi/7.3.1/../../../../arm-none-eabi/lib/thumb/v7-m\libc_nano.a
END GROUP
START GROUP
LOAD c:/st/stm32cubeide_1.4.0/stm32cubeide/plugins/com.st.stm32cube.ide.mcu.externaltools.gnu-tools-for-stm32.7-2018-q2-update.win32_1.4.0.202007081208/tools/bin/../lib/gcc/arm-none-eabi/7.3.1/thumb/v7-m\libgcc.a
LOAD c:/st/stm32cubeide_1.4.0/stm32cubeide/plugins/com.st.stm32cube.ide.mcu.externaltools.gnu-tools-for-stm32.7-2018-q2-update.win32_1.4.0.202007081208/tools/bin/../lib/gcc/arm-none-eabi/7.3.1/../../../../arm-none-eabi/lib/thumb/v7-m\libc_nano.a
LOAD c:/st/stm32cubeide_1.4.0/stm32cubeide/plugins/com.st.stm32cube.ide.mcu.externaltools.gnu-tools-for-stm32.7-2018-q2-update.win32_1.4.0.202007081208/tools/bin/../lib/gcc/arm-none-eabi/7.3.1/../../../../arm-none-eabi/lib/thumb/v7-m\libnosys.a
END GROUP
START GROUP
LOAD c:/st/stm32cubeide_1.4.0/stm32cubeide/plugins/com.st.stm32cube.ide.mcu.externaltools.gnu-tools-for-stm32.7-2018-q2-update.win32_1.4.0.202007081208/tools/bin/../lib/gcc/arm-none-eabi/7.3.1/thumb/v7-m\libgcc.a
LOAD c:/st/stm32cubeide_1.4.0/stm32cubeide/plugins/com.st.stm32cube.ide.mcu.externaltools.gnu-tools-for-stm32.7-2018-q2-update.win32_1.4.0.202007081208/tools/bin/../lib/gcc/arm-none-eabi/7.3.1/../../../../arm-none-eabi/lib/thumb/v7-m\libc_nano.a
LOAD c:/st/stm32cubeide_1.4.0/stm32cubeide/plugins/com.st.stm32cube.ide.mcu.externaltools.gnu-tools-for-stm32.7-2018-q2-update.win32_1.4.0.202007081208/tools/bin/../lib/gcc/arm-none-eabi/7.3.1/../../../../arm-none-eabi/lib/thumb/v7-m\libnosys.a
END GROUP
LOAD c:/st/stm32cubeide_1.4.0/stm32cubeide/plugins/com.st.stm32cube.ide.mcu.externaltools.gnu-tools-for-stm32.7-2018-q2-update.win32_1.4.0.202007081208/tools/bin/../lib/gcc/arm-none-eabi/7.3.1/thumb/v7-m/crtend.o
LOAD c:/st/stm32cubeide_1.4.0/stm32cubeide/plugins/com.st.stm32cube.ide.mcu.externaltools.gnu-tools-for-stm32.7-2018-q2-update.win32_1.4.0.202007081208/tools/bin/../lib/gcc/arm-none-eabi/7.3.1/thumb/v7-m/crtn.o
                0x0000000020002800                _estack = (ORIGIN (RAM) + LENGTH (RAM))
                0x0000000000000200                _Min_Heap_Size = 0x200
                0x0000000000000400                _Min_Stack_Size = 0x400

.isr_vector     0x0000000008000000      0x130
                0x0000000008000000                . = ALIGN (0x4)
 *(.isr_vector)
 .isr_vector    0x0000000008000000      0x130 Startup/startup_stm32f103c6tx.o
                0x0000000008000000                g_pfnVectors
                0x0000000008000130                . = ALIGN (0x4)

.text           0x0000000008000130      0xbc8
                0x0000000008000130                . = ALIGN (0x4)
 *(.text)
 .text          0x0000000008000130       0x40 c:/st/stm32cubeide_1.4.0/stm32cubeide/plugins/com.st.stm32cube.ide.mcu.externaltools.gnu-tools-for-stm32.7-2018-q2-update.win32_1.4.0.202007081208/tools/bin/../lib/gcc/arm-none-eabi/7.3.1/thumb/v7-m/crtbegin.o
 *(.text*)
 .text.RCC_CONFIGURE
                0x0000000008000170       0x28 Src/main.o
                0x0000000008000170                RCC_CONFIGURE
 .text.GPIO_CONFIGURE
                0x0000000008000198       0xbc Src/main.o
                0x0000000008000198                GPIO_CONFIGURE
 .text.main     0x0000000008000254       0xe0 Src/main.o
                0x0000000008000254                main
 .text.Reset_Handler
                0x0000000008000334       0x50 Startup/startup_stm32f103c6tx.o
                0x0000000008000334                Reset_Handler
 .text.Default_Handler
                0x0000000008000384        0x2 Startup/startup_stm32f103c6tx.o
                0x0000000008000384                EXTI2_IRQHandler
                0x0000000008000384                TIM8_TRG_COM_IRQHandler
                0x0000000008000384                TIM8_CC_IRQHandler
                0x0000000008000384                DebugMon_Handler
                0x0000000008000384                TIM1_CC_IRQHandler
                0x0000000008000384                HardFault_Handler
                0x0000000008000384                TIM6_IRQHandler
                0x0000000008000384                SysTick_Handler
                0x0000000008000384                PVD_IRQHandler
                0x0000000008000384                SDIO_IRQHandler
                0x0000000008000384                PendSV_Handler
                0x0000000008000384                NMI_Handler
                0x0000000008000384                EXTI3_IRQHandler
                0x0000000008000384                USB_HP_CAN_TX_IRQHandler
                0x0000000008000384                EXTI0_IRQHandler
                0x0000000008000384                I2C2_EV_IRQHandler
                0x0000000008000384                UsageFault_Handler
                0x0000000008000384                ADC1_2_IRQHandler
                0x0000000008000384                SPI1_IRQHandler
                0x0000000008000384                CAN_SCE_IRQHandler
                0x0000000008000384                TAMPER_IRQHandler
                0x0000000008000384                TIM8_UP_IRQHandler
                0x0000000008000384                DMA2_Channel2_IRQHandler
                0x0000000008000384                DMA1_Channel4_IRQHandler
                0x0000000008000384                USART3_IRQHandler
                0x0000000008000384                RTC_IRQHandler
                0x0000000008000384                DMA1_Channel7_IRQHandler
                0x0000000008000384                UART5_IRQHandler
                0x0000000008000384                ADC3_IRQHandler
                0x0000000008000384                TIM4_IRQHandler
                0x0000000008000384                CAN_RX1_IRQHandler
                0x0000000008000384                DMA2_Channel1_IRQHandler
                0x0000000008000384                I2C1_EV_IRQHandler
                0x0000000008000384                DMA1_Channel6_IRQHandler
                0x0000000008000384                UART4_IRQHandler
                0x0000000008000384                TIM3_IRQHandler
                0x0000000008000384                RCC_IRQHandler
                0x0000000008000384                TIM1_TRG_COM_IRQHandler
                0x0000000008000384                DMA1_Channel1_IRQHandler
                0x0000000008000384                Default_Handler
                0x0000000008000384                EXTI15_10_IRQHandler
                0x0000000008000384                TIM7_IRQHandler
                0x0000000008000384                TIM5_IRQHandler
                0x0000000008000384                EXTI9_5_IRQHandler
                0x0000000008000384                SPI2_IRQHandler
                0x0000000008000384                USB_LP_CAN_RX0_IRQHandler
                0x0000000008000384                MemManage_Handler
                0x0000000008000384                SVC_Handler
                0x0000000008000384                DMA1_Channel5_IRQHandler
                0x0000000008000384                EXTI4_IRQHandler
                0x0000000008000384                DMA1_Channel3_IRQHandler
                0x0000000008000384                FSMC_IRQHandler
                0x0000000008000384                TIM1_UP_IRQHandler
                0x0000000008000384                WWDG_IRQHandler
                0x0000000008000384                TIM2_IRQHandler
                0x0000000008000384                TIM1_BRK_IRQHandler
                0x0000000008000384                EXTI1_IRQHandler
                0x0000000008000384                RTCAlarm_IRQHandler
                0x0000000008000384                DMA2_Channel4_5_IRQHandler
                0x0000000008000384                USART2_IRQHandler
                0x0000000008000384                I2C2_ER_IRQHandler
                0x0000000008000384                DMA1_Channel2_IRQHandler
                0x0000000008000384                TIM8_BRK_IRQHandler
                0x0000000008000384                FLASH_IRQHandler
                0x0000000008000384                BusFault_Handler
                0x0000000008000384                USART1_IRQHandler
                0x0000000008000384                SPI3_IRQHandler
                0x0000000008000384                I2C1_ER_IRQHandler
                0x0000000008000384                DMA2_Channel3_IRQHandler
 .text.MCAL_GPIO_CRLH
                0x0000000008000386       0xc6 stm32f103_c6_drivers/gpio/stm32f103c6_gpio.o
                0x0000000008000386                MCAL_GPIO_CRLH
 .text.MCAL_GPIO_INIT
                0x000000000800044c       0xfe stm32f103_c6_drivers/gpio/stm32f103c6_gpio.o
                0x000000000800044c                MCAL_GPIO_INIT
 .text.MCAL_GPIO_READPIN
                0x000000000800054a       0x2e stm32f103_c6_drivers/gpio/stm32f103c6_gpio.o
                0x000000000800054a                MCAL_GPIO_READPIN
 .text.MCAL_GPIO_WRITEPIN
                0x0000000008000578       0x2e stm32f103_c6_drivers/gpio/stm32f103c6_gpio.o
                0x0000000008000578                MCAL_GPIO_WRITEPIN
 .text.MCAL_GPIO_WRITEPORT
                0x00000000080005a6       0x1c stm32f103_c6_drivers/gpio/stm32f103c6_gpio.o
                0x00000000080005a6                MCAL_GPIO_WRITEPORT
 *fill*         0x00000000080005c2        0x2 
 .text.KEYPAD_INIT
                0x00000000080005c4       0xec stm32f103_c6_drivers/inc/KEYPAD_DRIVER/keypad.o
                0x00000000080005c4                KEYPAD_INIT
 .text.KEYPAD_GETKEY
                0x00000000080006b0      0x194 stm32f103_c6_drivers/inc/KEYPAD_DRIVER/keypad.o
                0x00000000080006b0                KEYPAD_GETKEY
 .text.wait     0x0000000008000844       0x38 stm32f103_c6_drivers/inc/LCD_DRIVER/lcd.o
                0x0000000008000844                wait
 .text.LCD_stat
                0x000000000800087c      0x108 stm32f103_c6_drivers/inc/LCD_DRIVER/lcd.o
                0x000000000800087c                LCD_stat
 .text.LCD_INIT_ALL
                0x0000000008000984       0x34 stm32f103_c6_drivers/inc/LCD_DRIVER/lcd.o
                0x0000000008000984                LCD_INIT_ALL
 .text.LCD_kick
                0x00000000080009b8       0x2c stm32f103_c6_drivers/inc/LCD_DRIVER/lcd.o
                0x00000000080009b8                LCD_kick
 .text.LCD_COMM
                0x00000000080009e4       0x48 stm32f103_c6_drivers/inc/LCD_DRIVER/lcd.o
                0x00000000080009e4                LCD_COMM
 .text.LCD_clear_screen
                0x0000000008000a2c       0x14 stm32f103_c6_drivers/inc/LCD_DRIVER/lcd.o
                0x0000000008000a2c                LCD_clear_screen
 .text.LCD_INIT
                0x0000000008000a40      0x16c stm32f103_c6_drivers/inc/LCD_DRIVER/lcd.o
                0x0000000008000a40                LCD_INIT
 .text.LCD_WRITE_char
                0x0000000008000bac       0x4c stm32f103_c6_drivers/inc/LCD_DRIVER/lcd.o
                0x0000000008000bac                LCD_WRITE_char
 .text.LCD_WRITE_string
                0x0000000008000bf8       0x58 stm32f103_c6_drivers/inc/LCD_DRIVER/lcd.o
                0x0000000008000bf8                LCD_WRITE_string
 .text.LCD_adjust_XY
                0x0000000008000c50       0x48 stm32f103_c6_drivers/inc/LCD_DRIVER/lcd.o
                0x0000000008000c50                LCD_adjust_XY
 .text.__libc_init_array
                0x0000000008000c98       0x48 c:/st/stm32cubeide_1.4.0/stm32cubeide/plugins/com.st.stm32cube.ide.mcu.externaltools.gnu-tools-for-stm32.7-2018-q2-update.win32_1.4.0.202007081208/tools/bin/../lib/gcc/arm-none-eabi/7.3.1/../../../../arm-none-eabi/lib/thumb/v7-m\libc_nano.a(lib_a-init.o)
                0x0000000008000c98                __libc_init_array
 *(.glue_7)
 .glue_7        0x0000000008000ce0        0x0 linker stubs
 *(.glue_7t)
 .glue_7t       0x0000000008000ce0        0x0 linker stubs
 *(.eh_frame)
 .eh_frame      0x0000000008000ce0        0x0 c:/st/stm32cubeide_1.4.0/stm32cubeide/plugins/com.st.stm32cube.ide.mcu.externaltools.gnu-tools-for-stm32.7-2018-q2-update.win32_1.4.0.202007081208/tools/bin/../lib/gcc/arm-none-eabi/7.3.1/thumb/v7-m/crtbegin.o
 *(.init)
 .init          0x0000000008000ce0        0x4 c:/st/stm32cubeide_1.4.0/stm32cubeide/plugins/com.st.stm32cube.ide.mcu.externaltools.gnu-tools-for-stm32.7-2018-q2-update.win32_1.4.0.202007081208/tools/bin/../lib/gcc/arm-none-eabi/7.3.1/thumb/v7-m/crti.o
                0x0000000008000ce0                _init
 .init          0x0000000008000ce4        0x8 c:/st/stm32cubeide_1.4.0/stm32cubeide/plugins/com.st.stm32cube.ide.mcu.externaltools.gnu-tools-for-stm32.7-2018-q2-update.win32_1.4.0.202007081208/tools/bin/../lib/gcc/arm-none-eabi/7.3.1/thumb/v7-m/crtn.o
 *(.fini)
 .fini          0x0000000008000cec        0x4 c:/st/stm32cubeide_1.4.0/stm32cubeide/plugins/com.st.stm32cube.ide.mcu.externaltools.gnu-tools-for-stm32.7-2018-q2-update.win32_1.4.0.202007081208/tools/bin/../lib/gcc/arm-none-eabi/7.3.1/thumb/v7-m/crti.o
                0x0000000008000cec                _fini
 .fini          0x0000000008000cf0        0x8 c:/st/stm32cubeide_1.4.0/stm32cubeide/plugins/com.st.stm32cube.ide.mcu.externaltools.gnu-tools-for-stm32.7-2018-q2-update.win32_1.4.0.202007081208/tools/bin/../lib/gcc/arm-none-eabi/7.3.1/thumb/v7-m/crtn.o
                0x0000000008000cf8                . = ALIGN (0x4)
                0x0000000008000cf8                _etext = .

.vfp11_veneer   0x0000000008000cf8        0x0
 .vfp11_veneer  0x0000000008000cf8        0x0 linker stubs

.v4_bx          0x0000000008000cf8        0x0
 .v4_bx         0x0000000008000cf8        0x0 linker stubs

.iplt           0x0000000008000cf8        0x0
 .iplt          0x0000000008000cf8        0x0 c:/st/stm32cubeide_1.4.0/stm32cubeide/plugins/com.st.stm32cube.ide.mcu.externaltools.gnu-tools-for-stm32.7-2018-q2-update.win32_1.4.0.202007081208/tools/bin/../lib/gcc/arm-none-eabi/7.3.1/thumb/v7-m/crtbegin.o

.rodata         0x0000000008000cf8       0x30
                0x0000000008000cf8                . = ALIGN (0x4)
 *(.rodata)
 .rodata        0x0000000008000cf8       0x2f Src/main.o
 *(.rodata*)
                0x0000000008000d28                . = ALIGN (0x4)
 *fill*         0x0000000008000d27        0x1 

.rel.dyn        0x0000000008000d28        0x0
 .rel.iplt      0x0000000008000d28        0x0 c:/st/stm32cubeide_1.4.0/stm32cubeide/plugins/com.st.stm32cube.ide.mcu.externaltools.gnu-tools-for-stm32.7-2018-q2-update.win32_1.4.0.202007081208/tools/bin/../lib/gcc/arm-none-eabi/7.3.1/thumb/v7-m/crtbegin.o

.ARM.extab      0x0000000008000d28        0x0
                0x0000000008000d28                . = ALIGN (0x4)
 *(.ARM.extab* .gnu.linkonce.armextab.*)
                0x0000000008000d28                . = ALIGN (0x4)

.ARM            0x0000000008000d28        0x0
                0x0000000008000d28                . = ALIGN (0x4)
                0x0000000008000d28                __exidx_start = .
 *(.ARM.exidx*)
                0x0000000008000d28                __exidx_end = .
                0x0000000008000d28                . = ALIGN (0x4)

.preinit_array  0x0000000008000d28        0x0
                0x0000000008000d28                . = ALIGN (0x4)
                0x0000000008000d28                PROVIDE (__preinit_array_start = .)
 *(.preinit_array*)
                0x0000000008000d28                PROVIDE (__preinit_array_end = .)
                0x0000000008000d28                . = ALIGN (0x4)

.init_array     0x0000000008000d28        0x4
                0x0000000008000d28                . = ALIGN (0x4)
                0x0000000008000d28                PROVIDE (__init_array_start = .)
 *(SORT_BY_NAME(.init_array.*))
 *(.init_array*)
 .init_array    0x0000000008000d28        0x4 c:/st/stm32cubeide_1.4.0/stm32cubeide/plugins/com.st.stm32cube.ide.mcu.externaltools.gnu-tools-for-stm32.7-2018-q2-update.win32_1.4.0.202007081208/tools/bin/../lib/gcc/arm-none-eabi/7.3.1/thumb/v7-m/crtbegin.o
                0x0000000008000d2c                PROVIDE (__init_array_end = .)
                0x0000000008000d2c                . = ALIGN (0x4)

.fini_array     0x0000000008000d2c        0x4
                0x0000000008000d2c                . = ALIGN (0x4)
                [!provide]                        PROVIDE (__fini_array_start = .)
 *(SORT_BY_NAME(.fini_array.*))
 *(.fini_array*)
 .fini_array    0x0000000008000d2c        0x4 c:/st/stm32cubeide_1.4.0/stm32cubeide/plugins/com.st.stm32cube.ide.mcu.externaltools.gnu-tools-for-stm32.7-2018-q2-update.win32_1.4.0.202007081208/tools/bin/../lib/gcc/arm-none-eabi/7.3.1/thumb/v7-m/crtbegin.o
                [!provide]                        PROVIDE (__fini_array_end = .)
                0x0000000008000d30                . = ALIGN (0x4)
                0x0000000008000d30                _sidata = LOADADDR (.data)

.data           0x0000000020000000       0x20 load address 0x0000000008000d30
                0x0000000020000000                . = ALIGN (0x4)
                0x0000000020000000                _sdata = .
 *(.data)
 *(.data*)
 .data.Keypad_Row
                0x0000000020000000       0x10 stm32f103_c6_drivers/inc/KEYPAD_DRIVER/keypad.o
                0x0000000020000000                Keypad_Row
 .data.Keypad_Col
                0x0000000020000010       0x10 stm32f103_c6_drivers/inc/KEYPAD_DRIVER/keypad.o
                0x0000000020000010                Keypad_Col
                0x0000000020000020                . = ALIGN (0x4)
                0x0000000020000020                _edata = .

.igot.plt       0x0000000020000020        0x0 load address 0x0000000008000d50
 .igot.plt      0x0000000020000020        0x0 c:/st/stm32cubeide_1.4.0/stm32cubeide/plugins/com.st.stm32cube.ide.mcu.externaltools.gnu-tools-for-stm32.7-2018-q2-update.win32_1.4.0.202007081208/tools/bin/../lib/gcc/arm-none-eabi/7.3.1/thumb/v7-m/crtbegin.o
                0x0000000020000020                . = ALIGN (0x4)

.bss            0x0000000020000020       0x20 load address 0x0000000008000d50
                0x0000000020000020                _sbss = .
                0x0000000020000020                __bss_start__ = _sbss
 *(.bss)
 .bss           0x0000000020000020       0x1c c:/st/stm32cubeide_1.4.0/stm32cubeide/plugins/com.st.stm32cube.ide.mcu.externaltools.gnu-tools-for-stm32.7-2018-q2-update.win32_1.4.0.202007081208/tools/bin/../lib/gcc/arm-none-eabi/7.3.1/thumb/v7-m/crtbegin.o
 *(.bss*)
 *(COMMON)
 COMMON         0x000000002000003c        0x4 Src/main.o
                0x000000002000003c                pinconfig
                0x0000000020000040                . = ALIGN (0x4)
                0x0000000020000040                _ebss = .
                0x0000000020000040                __bss_end__ = _ebss

._user_heap_stack
                0x0000000020000040      0x600 load address 0x0000000008000d50
                0x0000000020000040                . = ALIGN (0x8)
                [!provide]                        PROVIDE (end = .)
                0x0000000020000040                PROVIDE (_end = .)
                0x0000000020000240                . = (. + _Min_Heap_Size)
 *fill*         0x0000000020000040      0x200 
                0x0000000020000640                . = (. + _Min_Stack_Size)
 *fill*         0x0000000020000240      0x400 
                0x0000000020000640                . = ALIGN (0x8)

/DISCARD/
 libc.a(*)
 libm.a(*)
 libgcc.a(*)

.ARM.attributes
                0x0000000000000000       0x29
 *(.ARM.attributes)
 .ARM.attributes
                0x0000000000000000       0x1d c:/st/stm32cubeide_1.4.0/stm32cubeide/plugins/com.st.stm32cube.ide.mcu.externaltools.gnu-tools-for-stm32.7-2018-q2-update.win32_1.4.0.202007081208/tools/bin/../lib/gcc/arm-none-eabi/7.3.1/thumb/v7-m/crti.o
 .ARM.attributes
                0x000000000000001d       0x2d c:/st/stm32cubeide_1.4.0/stm32cubeide/plugins/com.st.stm32cube.ide.mcu.externaltools.gnu-tools-for-stm32.7-2018-q2-update.win32_1.4.0.202007081208/tools/bin/../lib/gcc/arm-none-eabi/7.3.1/thumb/v7-m/crtbegin.o
 .ARM.attributes
                0x000000000000004a       0x33 Src/main.o
 .ARM.attributes
                0x000000000000007d       0x21 Startup/startup_stm32f103c6tx.o
 .ARM.attributes
                0x000000000000009e       0x33 stm32f103_c6_drivers/gpio/stm32f103c6_gpio.o
 .ARM.attributes
                0x00000000000000d1       0x33 stm32f103_c6_drivers/inc/KEYPAD_DRIVER/keypad.o
 .ARM.attributes
                0x0000000000000104       0x33 stm32f103_c6_drivers/inc/LCD_DRIVER/lcd.o
 .ARM.attributes
                0x0000000000000137       0x2d c:/st/stm32cubeide_1.4.0/stm32cubeide/plugins/com.st.stm32cube.ide.mcu.externaltools.gnu-tools-for-stm32.7-2018-q2-update.win32_1.4.0.202007081208/tools/bin/../lib/gcc/arm-none-eabi/7.3.1/../../../../arm-none-eabi/lib/thumb/v7-m\libc_nano.a(lib_a-init.o)
 .ARM.attributes
                0x0000000000000164       0x1d c:/st/stm32cubeide_1.4.0/stm32cubeide/plugins/com.st.stm32cube.ide.mcu.externaltools.gnu-tools-for-stm32.7-2018-q2-update.win32_1.4.0.202007081208/tools/bin/../lib/gcc/arm-none-eabi/7.3.1/thumb/v7-m/crtn.o
OUTPUT(stm32f103c6_drivers2.elf elf32-littlearm)

.debug_info     0x0000000000000000     0x3091
 .debug_info    0x0000000000000000      0xbd6 Src/main.o
 .debug_info    0x0000000000000bd6       0x22 Startup/startup_stm32f103c6tx.o
 .debug_info    0x0000000000000bf8      0xd89 stm32f103_c6_drivers/gpio/stm32f103c6_gpio.o
 .debug_info    0x0000000000001981      0xb0f stm32f103_c6_drivers/inc/KEYPAD_DRIVER/keypad.o
 .debug_info    0x0000000000002490      0xc01 stm32f103_c6_drivers/inc/LCD_DRIVER/lcd.o

.debug_abbrev   0x0000000000000000      0x7df
 .debug_abbrev  0x0000000000000000      0x1d8 Src/main.o
 .debug_abbrev  0x00000000000001d8       0x12 Startup/startup_stm32f103c6tx.o
 .debug_abbrev  0x00000000000001ea      0x232 stm32f103_c6_drivers/gpio/stm32f103c6_gpio.o
 .debug_abbrev  0x000000000000041c      0x1a6 stm32f103_c6_drivers/inc/KEYPAD_DRIVER/keypad.o
 .debug_abbrev  0x00000000000005c2      0x21d stm32f103_c6_drivers/inc/LCD_DRIVER/lcd.o

.debug_loc      0x0000000000000000      0x74c
 .debug_loc     0x0000000000000000       0xcc Src/main.o
 .debug_loc     0x00000000000000cc      0x38c stm32f103_c6_drivers/gpio/stm32f103c6_gpio.o
 .debug_loc     0x0000000000000458       0x7c stm32f103_c6_drivers/inc/KEYPAD_DRIVER/keypad.o
 .debug_loc     0x00000000000004d4      0x278 stm32f103_c6_drivers/inc/LCD_DRIVER/lcd.o

.debug_aranges  0x0000000000000000      0x150
 .debug_aranges
                0x0000000000000000       0x30 Src/main.o
 .debug_aranges
                0x0000000000000030       0x28 Startup/startup_stm32f103c6tx.o
 .debug_aranges
                0x0000000000000058       0x68 stm32f103_c6_drivers/gpio/stm32f103c6_gpio.o
 .debug_aranges
                0x00000000000000c0       0x28 stm32f103_c6_drivers/inc/KEYPAD_DRIVER/keypad.o
 .debug_aranges
                0x00000000000000e8       0x68 stm32f103_c6_drivers/inc/LCD_DRIVER/lcd.o

.debug_ranges   0x0000000000000000      0x108
 .debug_ranges  0x0000000000000000       0x20 Src/main.o
 .debug_ranges  0x0000000000000020       0x20 Startup/startup_stm32f103c6tx.o
 .debug_ranges  0x0000000000000040       0x58 stm32f103_c6_drivers/gpio/stm32f103c6_gpio.o
 .debug_ranges  0x0000000000000098       0x18 stm32f103_c6_drivers/inc/KEYPAD_DRIVER/keypad.o
 .debug_ranges  0x00000000000000b0       0x58 stm32f103_c6_drivers/inc/LCD_DRIVER/lcd.o

.debug_macro    0x0000000000000000     0x201a
 .debug_macro   0x0000000000000000      0x191 Src/main.o
 .debug_macro   0x0000000000000191      0xa60 Src/main.o
 .debug_macro   0x0000000000000bf1       0x18 Src/main.o
 .debug_macro   0x0000000000000c09       0x22 Src/main.o
 .debug_macro   0x0000000000000c2b       0x40 Src/main.o
 .debug_macro   0x0000000000000c6b       0x94 Src/main.o
 .debug_macro   0x0000000000000cff       0x3c Src/main.o
 .debug_macro   0x0000000000000d3b       0x34 Src/main.o
 .debug_macro   0x0000000000000d6f       0x16 Src/main.o
 .debug_macro   0x0000000000000d85      0x10e Src/main.o
 .debug_macro   0x0000000000000e93       0x8d Src/main.o
 .debug_macro   0x0000000000000f20       0x57 Src/main.o
 .debug_macro   0x0000000000000f77       0x52 Src/main.o
 .debug_macro   0x0000000000000fc9       0x1f Src/main.o
 .debug_macro   0x0000000000000fe8       0x43 Src/main.o
 .debug_macro   0x000000000000102b       0x20 Src/main.o
 .debug_macro   0x000000000000104b      0x1a3 Src/main.o
 .debug_macro   0x00000000000011ee      0x330 Src/main.o
 .debug_macro   0x000000000000151e       0x16 Src/main.o
 .debug_macro   0x0000000000001534       0x29 Src/main.o
 .debug_macro   0x000000000000155d       0xef Src/main.o
 .debug_macro   0x000000000000164c       0x6a Src/main.o
 .debug_macro   0x00000000000016b6      0x1df Src/main.o
 .debug_macro   0x0000000000001895       0xba Src/main.o
 .debug_macro   0x000000000000194f       0xd0 Src/main.o
 .debug_macro   0x0000000000001a1f       0xb8 Src/main.o
 .debug_macro   0x0000000000001ad7       0x58 Src/main.o
 .debug_macro   0x0000000000001b2f      0x143 stm32f103_c6_drivers/gpio/stm32f103c6_gpio.o
 .debug_macro   0x0000000000001c72      0x152 stm32f103_c6_drivers/inc/KEYPAD_DRIVER/keypad.o
 .debug_macro   0x0000000000001dc4       0x52 stm32f103_c6_drivers/inc/KEYPAD_DRIVER/keypad.o
 .debug_macro   0x0000000000001e16      0x152 stm32f103_c6_drivers/inc/LCD_DRIVER/lcd.o
 .debug_macro   0x0000000000001f68       0xb2 stm32f103_c6_drivers/inc/LCD_DRIVER/lcd.o

.debug_line     0x0000000000000000     0x1b3f
 .debug_line    0x0000000000000000      0x69a Src/main.o
 .debug_line    0x000000000000069a       0x84 Startup/startup_stm32f103c6tx.o
 .debug_line    0x000000000000071e      0x69b stm32f103_c6_drivers/gpio/stm32f103c6_gpio.o
 .debug_line    0x0000000000000db9      0x66f stm32f103_c6_drivers/inc/KEYPAD_DRIVER/keypad.o
 .debug_line    0x0000000000001428      0x717 stm32f103_c6_drivers/inc/LCD_DRIVER/lcd.o

.debug_str      0x0000000000000000     0x7bf3
 .debug_str     0x0000000000000000     0x7972 Src/main.o
                                       0x7bd3 (size before relaxing)
 .debug_str     0x0000000000007972       0x31 Startup/startup_stm32f103c6tx.o
                                         0x74 (size before relaxing)
 .debug_str     0x00000000000079a3      0x126 stm32f103_c6_drivers/gpio/stm32f103c6_gpio.o
                                       0x78ad (size before relaxing)
 .debug_str     0x0000000000007ac9       0x63 stm32f103_c6_drivers/inc/KEYPAD_DRIVER/keypad.o
                                       0x78f7 (size before relaxing)
 .debug_str     0x0000000000007b2c       0xc7 stm32f103_c6_drivers/inc/LCD_DRIVER/lcd.o
                                       0x7b3a (size before relaxing)

.comment        0x0000000000000000       0x7b
 .comment       0x0000000000000000       0x7b Src/main.o
                                         0x7c (size before relaxing)
 .comment       0x000000000000007b       0x7c stm32f103_c6_drivers/gpio/stm32f103c6_gpio.o
 .comment       0x000000000000007b       0x7c stm32f103_c6_drivers/inc/KEYPAD_DRIVER/keypad.o
 .comment       0x000000000000007b       0x7c stm32f103_c6_drivers/inc/LCD_DRIVER/lcd.o

.debug_frame    0x0000000000000000      0x3e4
 .debug_frame   0x0000000000000000       0x74 Src/main.o
 .debug_frame   0x0000000000000074      0x1a0 stm32f103_c6_drivers/gpio/stm32f103c6_gpio.o
 .debug_frame   0x0000000000000214       0x50 stm32f103_c6_drivers/inc/KEYPAD_DRIVER/keypad.o
 .debug_frame   0x0000000000000264      0x154 stm32f103_c6_drivers/inc/LCD_DRIVER/lcd.o
 .debug_frame   0x00000000000003b8       0x2c c:/st/stm32cubeide_1.4.0/stm32cubeide/plugins/com.st.stm32cube.ide.mcu.externaltools.gnu-tools-for-stm32.7-2018-q2-update.win32_1.4.0.202007081208/tools/bin/../lib/gcc/arm-none-eabi/7.3.1/../../../../arm-none-eabi/lib/thumb/v7-m\libc_nano.a(lib_a-init.o)
