
Allocating common symbols
Common symbol       size              file

var_bss             0xc               main.o

Memory Configuration

Name             Origin             Length             Attributes
flash            0x0000000008000000 0x0000000000020000 xr
sram             0x0000000020000000 0x0000000000005000 xrw
*default*        0x0000000000000000 0xffffffffffffffff

Linker script and memory map


.text           0x0000000008000000      0x128
 *(.vectors*)
 .vectors       0x0000000008000000       0x1c startup.o
                0x0000000008000000                vectors
 *(.text*)
 .text          0x000000000800001c       0x7c main.o
                0x000000000800001c                main
 .text          0x0000000008000098       0x90 startup.o
                0x0000000008000098                Usage_Fault_handler
                0x0000000008000098                H_Fault_handler
                0x0000000008000098                Default_Handler
                0x0000000008000098                MM_Fault_handler
                0x0000000008000098                NHI_handler
                0x0000000008000098                Bus_Fault_handler
                0x00000000080000a4                reset_handler
 *(.rodata)
                0x0000000008000128                _E_text = .

.glue_7         0x0000000008000128        0x0
 .glue_7        0x0000000008000128        0x0 linker stubs

.glue_7t        0x0000000008000128        0x0
 .glue_7t       0x0000000008000128        0x0 linker stubs

.vfp11_veneer   0x0000000008000128        0x0
 .vfp11_veneer  0x0000000008000128        0x0 linker stubs

.v4_bx          0x0000000008000128        0x0
 .v4_bx         0x0000000008000128        0x0 linker stubs

.iplt           0x0000000008000128        0x0
 .iplt          0x0000000008000128        0x0 main.o

.rel.dyn        0x0000000008000128        0x0
 .rel.iplt      0x0000000008000128        0x0 main.o

.data           0x0000000020000000        0x4 load address 0x0000000008000128
                0x0000000020000000                _S_data = .
 *(.data)
 .data          0x0000000020000000        0x4 main.o
                0x0000000020000000                ptrporta
 .data          0x0000000020000004        0x0 startup.o
                0x0000000020000004                . = ALIGN (0x4)
                0x0000000020000004                _E_data = .

.igot.plt       0x0000000020000004        0x0 load address 0x000000000800012c
 .igot.plt      0x0000000020000004        0x0 main.o

.bss            0x0000000020000004        0xc load address 0x000000000800012c
                0x0000000020000004                _S_bss = .
 *(.bss*)
 .bss           0x0000000020000004        0x0 main.o
 .bss           0x0000000020000004        0x0 startup.o
                0x0000000020000004                _E_bss = .
                0x0000000020000004                . = ALIGN (0x4)
 COMMON         0x0000000020000004        0xc main.o
                0x0000000020000004                var_bss
                0x0000000020001010                . = (. + 0x1000)
                0x0000000020001010                stack_top = .
LOAD main.o
LOAD startup.o
OUTPUT(cortex_m3.elf elf32-littlearm)

.debug_info     0x0000000000000000      0x2d5
 .debug_info    0x0000000000000000      0x153 main.o
 .debug_info    0x0000000000000153      0x182 startup.o

.debug_abbrev   0x0000000000000000      0x1ac
 .debug_abbrev  0x0000000000000000       0xe5 main.o
 .debug_abbrev  0x00000000000000e5       0xc7 startup.o

.debug_loc      0x0000000000000000       0xb4
 .debug_loc     0x0000000000000000       0x38 main.o
 .debug_loc     0x0000000000000038       0x7c startup.o

.debug_aranges  0x0000000000000000       0x40
 .debug_aranges
                0x0000000000000000       0x20 main.o
 .debug_aranges
                0x0000000000000020       0x20 startup.o

.debug_line     0x0000000000000000       0xef
 .debug_line    0x0000000000000000       0x70 main.o
 .debug_line    0x0000000000000070       0x7f startup.o

.debug_str      0x0000000000000000      0x1db
 .debug_str     0x0000000000000000      0x155 main.o
                                        0x196 (size before relaxing)
 .debug_str     0x0000000000000155       0x86 startup.o
                                        0x1d3 (size before relaxing)

.comment        0x0000000000000000       0x7b
 .comment       0x0000000000000000       0x7b main.o
                                         0x7c (size before relaxing)
 .comment       0x000000000000007b       0x7c startup.o

.ARM.attributes
                0x0000000000000000       0x33
 .ARM.attributes
                0x0000000000000000       0x33 main.o
 .ARM.attributes
                0x0000000000000033       0x33 startup.o

.debug_frame    0x0000000000000000       0x7c
 .debug_frame   0x0000000000000000       0x2c main.o
 .debug_frame   0x000000000000002c       0x50 startup.o
